#-----------------------------------------------------------
# Webtalk v2017.4 (64-bit)
# SW Build 2086221 on Fri Dec 15 20:55:39 MST 2017
# IP Build 2085800 on Fri Dec 15 22:25:07 MST 2017
# Start of session at: Tue Jan  8 09:18:49 2019
# Process ID: 4028
# Current directory: H:/Vivado/FPGA_Communicate_Base/lab1_DDS_Design/lab_dds_block_ram/lab_dds/lab_dds.sim/sim_1/behav/xsim
# Command line: wbtcv.exe -mode batch -source H:/Vivado/FPGA_Communicate_Base/lab1_DDS_Design/lab_dds_block_ram/lab_dds/lab_dds.sim/sim_1/behav/xsim/xsim.dir/dds_sim_behav/webtalk/xsim_webtalk.tcl -notrace
# Log file: H:/Vivado/FPGA_Communicate_Base/lab1_DDS_Design/lab_dds_block_ram/lab_dds/lab_dds.sim/sim_1/behav/xsim/webtalk.log
# Journal file: H:/Vivado/FPGA_Communicate_Base/lab1_DDS_Design/lab_dds_block_ram/lab_dds/lab_dds.sim/sim_1/behav/xsim\webtalk.jou
#-----------------------------------------------------------
source H:/Vivado/FPGA_Communicate_Base/lab1_DDS_Design/lab_dds_block_ram/lab_dds/lab_dds.sim/sim_1/behav/xsim/xsim.dir/dds_sim_behav/webtalk/xsim_webtalk.tcl -notrace
